// Jest Snapshot v1, https://goo.gl/fbAQLP

exports[`Button component Matches the snapshot 1`] = `
<button
  className="bg-ofn-orange text-white py-2 px-3  text-base font-bold rounded"
  type="button"
>
  button
</button>
`;
